
> frontend@0.1.0 build
> next build

   Ôû▓ Next.js 15.2.8

   Creating an optimized production build ...
 Ô£ô (pwa) Compiling for server...
 Ô£ô (pwa) Compiling for server...
 Ô£ô (pwa) Compiling for client (static)...
 Ôùï (pwa) Service worker: C:\Users\Raul\OneDrive\Escritorio\Wanda store\public\sw.js
 Ôùï (pwa)   URL: /sw.js
 Ôùï (pwa)   Scope: /
node.exe : <w> [webpack.
cache.PackFileCacheStrat
egy] Caching failed for 
pack: Error: EPERM: 
operation not 
permitted, rename 'C:\Us
ers\Raul\OneDrive\Escrit
orio\Wanda store\.next\c
ache\webpack\client-prod
uction\0.pack_' -> 'C:\U
sers\Raul\OneDrive\Escri
torio\Wanda store\.next\
cache\webpack\client-pro
duction\0.pack'
En línea: 1 Carácter: 1
+ & "C:\Program 
Files\nodejs/node.exe" 
"C:\Program 
Files\nodejs/node_mo ...
+ ~~~~~~~~~~~~~~~~~~~~~~
~~~~~~~~~~~~~~~~~~~~~~~~
~~~~~~~~~~~~~~~~~~~~~~~
    + CategoryInfo      
        : NotSpecified: 
(<w>     
[webpack.ca...duction   
 \0.pack':String) [], R 
   emoteException
    + 
FullyQualifiedErrorI    
d : NativeCommandError
 
 Ô£ô Compiled successfully
   Linting and checking validity of types ...

Failed to compile.

./src/app/clientes/page.
tsx
10:5  Error: 'Mail' is 
defined but never used. 
 @typescript-eslint/no-u
nused-vars
11:5  Error: 
'MoreVertical' is 
defined but never used. 
 @typescript-eslint/no-u
nused-vars
16:12  Error: 'MapIcon' 
is defined but never 
used.  @typescript-eslin
t/no-unused-vars
18:5  Error: 'Filter' 
is defined but never 
used.  @typescript-eslin
t/no-unused-vars
49:11  Warning: The 
'clients' logical 
expression could make 
the dependencies of 
useMemo Hook (at line 
85) change on every 
render. To fix this, 
wrap the initialization 
of 'clients' in its own 
useMemo() Hook.  react-h
ooks/exhaustive-deps
51:11  Warning: The 
'clientRequests' 
logical expression 
could make the 
dependencies of useMemo 
Hook (at line 85) 
change on every render. 
To fix this, wrap the 
initialization of 
'clientRequests' in its 
own useMemo() Hook.  rea
ct-hooks/exhaustive-deps
59:58  Error: 
Unexpected any. Specify 
a different type.  @type
script-eslint/no-explici
t-any
60:46  Error: 
Unexpected any. Specify 
a different type.  @type
script-eslint/no-explici
t-any
75:35  Error: 
Unexpected any. Specify 
a different type.  @type
script-eslint/no-explici
t-any
90:37  Error: 
Unexpected any. Specify 
a different type.  @type
script-eslint/no-explici
t-any
91:40  Error: 
Unexpected any. Specify 
a different type.  @type
script-eslint/no-explici
t-any
94:39  Error: 
Unexpected any. Specify 
a different type.  @type
script-eslint/no-explici
t-any
110:37  Error: 
Unexpected any. Specify 
a different type.  @type
script-eslint/no-explici
t-any
119:23  Error: 
Unexpected any. Specify 
a different type.  @type
script-eslint/no-explici
t-any
126:50  Error: 
Unexpected any. Specify 
a different type.  @type
script-eslint/no-explici
t-any
134:23  Error: 
Unexpected any. Specify 
a different type.  @type
script-eslint/no-explici
t-any
152:18  Error: 'error' 
is defined but never 
used.  @typescript-eslin
t/no-unused-vars
253:82  Error: 
Unexpected any. Specify 
a different type.  @type
script-eslint/no-explici
t-any
302:57  Error: 
Unexpected any. Specify 
a different type.  @type
script-eslint/no-explici
t-any
316:59  Error: 
Unexpected any. Specify 
a different type.  @type
script-eslint/no-explici
t-any
317:19  Error: 
Unexpected any. Specify 
a different type.  @type
script-eslint/no-explici
t-any
338:51  Error: 
Unexpected any. Specify 
a different type.  @type
script-eslint/no-explici
t-any
349:89  Error: 
Unexpected any. Specify 
a different type.  @type
script-eslint/no-explici
t-any
507:168  Error: 
Unexpected any. Specify 
a different type.  @type
script-eslint/no-explici
t-any
515:40  Error: 
Unexpected any. Specify 
a different type.  @type
script-eslint/no-explici
t-any
562:47  Error: 
Unexpected any. Specify 
a different type.  @type
script-eslint/no-explici
t-any
570:51  Error: 
Unexpected any. Specify 
a different type.  @type
script-eslint/no-explici
t-any
576:51  Error: 
Unexpected any. Specify 
a different type.  @type
script-eslint/no-explici
t-any
596:70  Error: 
Unexpected any. Specify 
a different type.  @type
script-eslint/no-explici
t-any
609:51  Error: 
Unexpected any. Specify 
a different type.  @type
script-eslint/no-explici
t-any
616:51  Error: 
Unexpected any. Specify 
a different type.  @type
script-eslint/no-explici
t-any
633:47  Error: 
Unexpected any. Specify 
a different type.  @type
script-eslint/no-explici
t-any
640:51  Error: 
Unexpected any. Specify 
a different type.  @type
script-eslint/no-explici
t-any
646:51  Error: 
Unexpected any. Specify 
a different type.  @type
script-eslint/no-explici
t-any
655:55  Error: 
Unexpected any. Specify 
a different type.  @type
script-eslint/no-explici
t-any
727:86  Error: 
Unexpected any. Specify 
a different type.  @type
script-eslint/no-explici
t-any
807:103  Error: 
Unexpected any. Specify 
a different type.  @type
script-eslint/no-explici
t-any
830:26  Error: 
Unexpected any. Specify 
a different type.  @type
script-eslint/no-explici
t-any

./src/app/login/page.tsx
5:18  Error: 'User' is 
defined but never used. 
 @typescript-eslint/no-u
nused-vars

./src/app/logistica/page
.tsx
3:29  Error: 
'useEffect' is defined 
but never used.  @typesc
ript-eslint/no-unused-va
rs
10:5  Error: 
'CheckCircle2' is 
defined but never used. 
 @typescript-eslint/no-u
nused-vars
11:5  Error: 'Clock' is 
defined but never used. 
 @typescript-eslint/no-u
nused-vars
15:5  Error: 'Search' 
is defined but never 
used.  @typescript-eslin
t/no-unused-vars
18:5  Error: 
'DollarSign' is defined 
but never used.  @typesc
ript-eslint/no-unused-va
rs
19:5  Error: 
'CreditCard' is defined 
but never used.  @typesc
ript-eslint/no-unused-va
rs
20:5  Error: 
'AlertCircle' is 
defined but never used. 
 @typescript-eslint/no-u
nused-vars
21:5  Error: 
'ArrowLeft' is defined 
but never used.  @typesc
ript-eslint/no-unused-va
rs
23:5  Error: 'Trash2' 
is defined but never 
used.  @typescript-eslin
t/no-unused-vars
26:5  Error: 'Edit3' is 
defined but never used. 
 @typescript-eslint/no-u
nused-vars
34:12  Error: 
'searchTerm' is 
assigned a value but 
never used.  @typescript
-eslint/no-unused-vars
34:24  Error: 
'setSearchTerm' is 
assigned a value but 
never used.  @typescript
-eslint/no-unused-vars
37:12  Error: 
'isProcessing' is 
assigned a value but 
never used.  @typescript
-eslint/no-unused-vars
42:41  Error: 
Unexpected any. Specify 
a different type.  @type
script-eslint/no-explici
t-any
46:38  Error: 
Unexpected any. Specify 
a different type.  @type
script-eslint/no-explici
t-any
47:35  Error: 
Unexpected any. Specify 
a different type.  @type
script-eslint/no-explici
t-any
62:53  Error: 
Unexpected any. Specify 
a different type.  @type
script-eslint/no-explici
t-any
62:61  Error: 
Unexpected any. Specify 
a different type.  @type
script-eslint/no-explici
t-any
67:11  Error: 
'handleAssignRoute' is 
assigned a value but 
never used.  @typescript
-eslint/no-unused-vars
172:54  Error: 'i' is 
defined but never used. 
 @typescript-eslint/no-u
nused-vars
196:57  Error: 
Unexpected any. Specify 
a different type.  @type
script-eslint/no-explici
t-any
242:50  Error: 
Unexpected any. Specify 
a different type.  @type
script-eslint/no-explici
t-any
300:64  Error: 
Unexpected any. Specify 
a different type.  @type
script-eslint/no-explici
t-any
307:66  Error: 
Unexpected any. Specify 
a different type.  @type
script-eslint/no-explici
t-any
308:41  Error: 
Unexpected any. Specify 
a different type.  @type
script-eslint/no-explici
t-any
312:72  Error: 
Unexpected any. Specify 
a different type.  @type
script-eslint/no-explici
t-any
313:34  Error: 
Unexpected any. Specify 
a different type.  @type
script-eslint/no-explici
t-any
313:97  Error: 
Unexpected any. Specify 
a different type.  @type
script-eslint/no-explici
t-any
326:18  Error: 'e' is 
defined but never used. 
 @typescript-eslint/no-u
nused-vars
416:44  Error: 
Unexpected any. Specify 
a different type.  @type
script-eslint/no-explici
t-any

./src/app/page.tsx
53:47  Error: 
Unexpected any. Specify 
a different type.  @type
script-eslint/no-explici
t-any
53:105  Error: 
Unexpected any. Specify 
a different type.  @type
script-eslint/no-explici
t-any
55:9  Error: 
'inLogistics' is 
assigned a value but 
never used.  @typescript
-eslint/no-unused-vars
55:48  Error: 
Unexpected any. Specify 
a different type.  @type
script-eslint/no-explici
t-any
59:51  Error: 
Unexpected any. Specify 
a different type.  @type
script-eslint/no-explici
t-any
133:40  Error: 
Unexpected any. Specify 
a different type.  @type
script-eslint/no-explici
t-any
190:55  Error: 
Unexpected any. Specify 
a different type.  @type
script-eslint/no-explici
t-any
206:57  Error: 
Unexpected any. Specify 
a different type.  @type
script-eslint/no-explici
t-any
207:17  Error: 
Unexpected any. Specify 
a different type.  @type
script-eslint/no-explici
t-any

./src/app/pedidos/page.t
sx
7:5  Error: 'Filter' is 
defined but never used. 
 @typescript-eslint/no-u
nused-vars
9:5  Error: 
'CheckCircle2' is 
defined but never used. 
 @typescript-eslint/no-u
nused-vars
12:5  Error: 
'MoreVertical' is 
defined but never used. 
 @typescript-eslint/no-u
nused-vars
14:5  Error: 'Phone' is 
defined but never used. 
 @typescript-eslint/no-u
nused-vars
17:5  Error: 
'ChevronDown' is 
defined but never used. 
 @typescript-eslint/no-u
nused-vars
19:5  Error: 'Check' is 
defined but never used. 
 @typescript-eslint/no-u
nused-vars
20:5  Error: 
'AlertCircle' is 
defined but never used. 
 @typescript-eslint/no-u
nused-vars
25:5  Error: 
'TrendingUp' is defined 
but never used.  @typesc
ript-eslint/no-unused-va
rs
45:39  Error: 
Unexpected any. Specify 
a different type.  @type
script-eslint/no-explici
t-any
45:47  Error: 
Unexpected any. Specify 
a different type.  @type
script-eslint/no-explici
t-any
48:40  Error: 
Unexpected any. Specify 
a different type.  @type
script-eslint/no-explici
t-any
53:40  Error: 
Unexpected any. Specify 
a different type.  @type
script-eslint/no-explici
t-any
67:36  Error: 
Unexpected any. Specify 
a different type.  @type
script-eslint/no-explici
t-any
68:34  Error: 
Unexpected any. Specify 
a different type.  @type
script-eslint/no-explici
t-any
69:36  Error: 
Unexpected any. Specify 
a different type.  @type
script-eslint/no-explici
t-any
69:94  Error: 
Unexpected any. Specify 
a different type.  @type
script-eslint/no-explici
t-any
78:18  Error: 'e' is 
defined but never used. 
 @typescript-eslint/no-u
nused-vars
88:18  Error: 'e' is 
defined but never used. 
 @typescript-eslint/no-u
nused-vars
174:52  Error: 
Unexpected any. Specify 
a different type.  @type
script-eslint/no-explici
t-any
192:52  Error: 
Unexpected any. Specify 
a different type.  @type
script-eslint/no-explici
t-any
202:79  Error: 
Unexpected any. Specify 
a different type.  @type
script-eslint/no-explici
t-any
203:25  Error: 
Unexpected any. Specify 
a different type.  @type
script-eslint/no-explici
t-any
306:59  Error: 
Unexpected any. Specify 
a different type.  @type
script-eslint/no-explici
t-any
385:54  Error: 
Unexpected any. Specify 
a different type.  @type
script-eslint/no-explici
t-any

./src/app/productos/page
.tsx
8:5  Error: 'Filter' is 
defined but never used. 
 @typescript-eslint/no-u
nused-vars
12:5  Error: 
'ChevronDown' is 
defined but never used. 
 @typescript-eslint/no-u
nused-vars
17:5  Error: 
'ExternalLink' is 
defined but never used. 
 @typescript-eslint/no-u
nused-vars
24:5  Error: 'Scale' is 
defined but never used. 
 @typescript-eslint/no-u
nused-vars
25:5  Error: 'Layers' 
is defined but never 
used.  @typescript-eslin
t/no-unused-vars
39:5  Error: 'Eye' is 
defined but never used. 
 @typescript-eslint/no-u
nused-vars
40:5  Error: 'EyeOff' 
is defined but never 
used.  @typescript-eslin
t/no-unused-vars
54:61  Error: 
Unexpected any. Specify 
a different type.  @type
script-eslint/no-explici
t-any
78:56  Error: 
Unexpected any. Specify 
a different type.  @type
script-eslint/no-explici
t-any
85:58  Error: 
Unexpected any. Specify 
a different type.  @type
script-eslint/no-explici
t-any
97:46  Error: 
Unexpected any. Specify 
a different type.  @type
script-eslint/no-explici
t-any
109:11  Error: 'handleTo
ggleHideLowPrice' is 
assigned a value but 
never used.  @typescript
-eslint/no-unused-vars
137:60  Error: 
Unexpected any. Specify 
a different type.  @type
script-eslint/no-explici
t-any
140:44  Error: 
Unexpected any. Specify 
a different type.  @type
script-eslint/no-explici
t-any
170:29  Error: 
Unexpected any. Specify 
a different type.  @type
script-eslint/no-explici
t-any
170:37  Error: 
Unexpected any. Specify 
a different type.  @type
script-eslint/no-explici
t-any
171:27  Error: 
Unexpected any. Specify 
a different type.  @type
script-eslint/no-explici
t-any
172:27  Error: 
Unexpected any. Specify 
a different type.  @type
script-eslint/no-explici
t-any
195:61  Error: 
Unexpected any. Specify 
a different type.  @type
script-eslint/no-explici
t-any
195:69  Error: 
Unexpected any. Specify 
a different type.  @type
script-eslint/no-explici
t-any
196:62  Error: 
Unexpected any. Specify 
a different type.  @type
script-eslint/no-explici
t-any
196:70  Error: 
Unexpected any. Specify 
a different type.  @type
script-eslint/no-explici
t-any
197:59  Error: 
Unexpected any. Specify 
a different type.  @type
script-eslint/no-explici
t-any
217:40  Error: 
Unexpected any. Specify 
a different type.  @type
script-eslint/no-explici
t-any
217:67  Error: 
Unexpected any. Specify 
a different type.  @type
script-eslint/no-explici
t-any
220:21  Error: 
'updated' is never 
reassigned. Use 'const' 
instead.  prefer-const
241:56  Error: 
Unexpected any. Specify 
a different type.  @type
script-eslint/no-explici
t-any
268:23  Error: 
Unexpected any. Specify 
a different type.  @type
script-eslint/no-explici
t-any
276:38  Error: 
Unexpected any. Specify 
a different type.  @type
script-eslint/no-explici
t-any
309:23  Error: 
Unexpected any. Specify 
a different type.  @type
script-eslint/no-explici
t-any
318:46  Error: 
Unexpected any. Specify 
a different type.  @type
script-eslint/no-explici
t-any
319:17  Error: 'id' is 
assigned a value but 
never used.  @typescript
-eslint/no-unused-vars
336:41  Error: 
Unexpected any. Specify 
a different type.  @type
script-eslint/no-explici
t-any
361:20  Error: 
Unexpected any. Specify 
a different type.  @type
script-eslint/no-explici
t-any
362:20  Error: 
Unexpected any. Specify 
a different type.  @type
script-eslint/no-explici
t-any
363:20  Error: 
Unexpected any. Specify 
a different type.  @type
script-eslint/no-explici
t-any
381:23  Error: 
Unexpected any. Specify 
a different type.  @type
script-eslint/no-explici
t-any
428:28  Error: 
Unexpected any. Specify 
a different type.  @type
script-eslint/no-explici
t-any
584:89  Error: 
Unexpected any. Specify 
a different type.  @type
script-eslint/no-explici
t-any
690:115  Error: 
Unexpected any. Specify 
a different type.  @type
script-eslint/no-explici
t-any
770:59  Error: 
Unexpected any. Specify 
a different type.  @type
script-eslint/no-explici
t-any
816:104  Error: 
Unexpected any. Specify 
a different type.  @type
script-eslint/no-explici
t-any
816:109  Error: 'idx' 
is defined but never 
used.  @typescript-eslin
t/no-unused-vars
840:57  Error: 
Unexpected any. Specify 
a different type.  @type
script-eslint/no-explici
t-any
881:76  Error: 
Unexpected any. Specify 
a different type.  @type
script-eslint/no-explici
t-any
938:59  Error: 
Unexpected any. Specify 
a different type.  @type
script-eslint/no-explici
t-any
958:57  Error: 
Unexpected any. Specify 
a different type.  @type
script-eslint/no-explici
t-any
1018:57  Error: 
Unexpected any. Specify 
a different type.  @type
script-eslint/no-explici
t-any
1040:44  Error: 
Unexpected any. Specify 
a different type.  @type
script-eslint/no-explici
t-any
1040:73  Error: 
Unexpected any. Specify 
a different type.  @type
script-eslint/no-explici
t-any
1125:48  Error: 
Unexpected any. Specify 
a different type.  @type
script-eslint/no-explici
t-any
1140:21  Warning: Using 
`<img>` could result in 
slower LCP and higher 
bandwidth. Consider 
using `<Image />` from 
`next/image` or a 
custom image loader to 
automatically optimize 
images. This may incur 
additional usage or 
cost from your 
provider. See: https://n
extjs.org/docs/messages/
no-img-element  @next/ne
xt/no-img-element
1181:55  Error: 
Unexpected any. Specify 
a different type.  @type
script-eslint/no-explici
t-any
1184:55  Error: 
Unexpected any. Specify 
a different type.  @type
script-eslint/no-explici
t-any
1221:42  Error: 
Unexpected any. Specify 
a different type.  @type
script-eslint/no-explici
t-any
1231:29  Warning: Using 
`<img>` could result in 
slower LCP and higher 
bandwidth. Consider 
using `<Image />` from 
`next/image` or a 
custom image loader to 
automatically optimize 
images. This may incur 
additional usage or 
cost from your 
provider. See: https://n
extjs.org/docs/messages/
no-img-element  @next/ne
xt/no-img-element
1231:29  Warning: img 
elements must have an 
alt prop, either with 
meaningful text, or an 
empty string for 
decorative images.  
jsx-a11y/alt-text
1270:55  Error: 
Unexpected any. Specify 
a different type.  @type
script-eslint/no-explici
t-any
1271:55  Error: 
Unexpected any. Specify 
a different type.  @type
script-eslint/no-explici
t-any
1279:100  Error: 
Unexpected any. Specify 
a different type.  @type
script-eslint/no-explici
t-any
1305:33  Warning: Using 
`<img>` could result in 
slower LCP and higher 
bandwidth. Consider 
using `<Image />` from 
`next/image` or a 
custom image loader to 
automatically optimize 
images. This may incur 
additional usage or 
cost from your 
provider. See: https://n
extjs.org/docs/messages/
no-img-element  @next/ne
xt/no-img-element
1305:33  Warning: img 
elements must have an 
alt prop, either with 
meaningful text, or an 
empty string for 
decorative images.  
jsx-a11y/alt-text
1375:59  Error: 
Unexpected any. Specify 
a different type.  @type
script-eslint/no-explici
t-any
1379:68  Error: 
Unexpected any. Specify 
a different type.  @type
script-eslint/no-explici
t-any
1379:97  Error: 
Unexpected any. Specify 
a different type.  @type
script-eslint/no-explici
t-any
1415:51  Error: 
Unexpected any. Specify 
a different type.  @type
script-eslint/no-explici
t-any
1422:51  Error: 
Unexpected any. Specify 
a different type.  @type
script-eslint/no-explici
t-any
1450:51  Error: 
Unexpected any. Specify 
a different type.  @type
script-eslint/no-explici
t-any
1597:37  Warning: Using 
`<img>` could result in 
slower LCP and higher 
bandwidth. Consider 
using `<Image />` from 
`next/image` or a 
custom image loader to 
automatically optimize 
images. This may incur 
additional usage or 
cost from your 
provider. See: https://n
extjs.org/docs/messages/
no-img-element  @next/ne
xt/no-img-element
1597:37  Warning: img 
elements must have an 
alt prop, either with 
meaningful text, or an 
empty string for 
decorative images.  
jsx-a11y/alt-text
1600:54  Error: 
Unexpected any. Specify 
a different type.  @type
script-eslint/no-explici
t-any
1600:77  Error: 
Unexpected any. Specify 
a different type.  @type
script-eslint/no-explici
t-any
1636:132  Error: 
Unexpected any. Specify 
a different type.  @type
script-eslint/no-explici
t-any

./src/app/seed/page.tsx
2:20  Error: 
'useEffect' is defined 
but never used.  @typesc
ript-eslint/no-unused-va
rs
46:21  Error: 
Unexpected any. Specify 
a different type.  @type
script-eslint/no-explici
t-any

./src/app/settings/page.
tsx
92:18  Error: 'err' is 
defined but never used. 
 @typescript-eslint/no-u
nused-vars
326:63  Error: 
Unexpected any. Specify 
a different type.  @type
script-eslint/no-explici
t-any
337:114  Error: 
Unexpected any. Specify 
a different type.  @type
script-eslint/no-explici
t-any

./src/app/tienda/page.ts
x
12:5  Error: 'Mic' is 
defined but never used. 
 @typescript-eslint/no-u
nused-vars
14:5  Error: 
'ChevronUp' is defined 
but never used.  @typesc
ript-eslint/no-unused-va
rs
17:5  Error: 'Package' 
is defined but never 
used.  @typescript-eslin
t/no-unused-vars
18:5  Error: 'Store' is 
defined but never used. 
 @typescript-eslint/no-u
nused-vars
37:21  Error: 
Unexpected any. Specify 
a different type.  @type
script-eslint/no-explici
t-any
43:52  Error: 
Unexpected any. Specify 
a different type.  @type
script-eslint/no-explici
t-any
44:51  Error: 
Unexpected any. Specify 
a different type.  @type
script-eslint/no-explici
t-any
54:12  Error: 'history' 
is assigned a value but 
never used.  @typescript
-eslint/no-unused-vars
54:21  Error: 
'setHistory' is 
assigned a value but 
never used.  @typescript
-eslint/no-unused-vars
54:44  Error: 
Unexpected any. Specify 
a different type.  @type
script-eslint/no-explici
t-any
57:12  Error: 
'isListening' is 
assigned a value but 
never used.  @typescript
-eslint/no-unused-vars
57:25  Error: 
'setIsListening' is 
assigned a value but 
never used.  @typescript
-eslint/no-unused-vars
129:26  Error: 'e' is 
defined but never used. 
 @typescript-eslint/no-u
nused-vars
140:8  Warning: React 
Hook useEffect has a 
missing dependency: 
'router'. Either 
include it or remove 
the dependency array.  r
eact-hooks/exhaustive-de
ps
145:38  Error: 
Unexpected any. Specify 
a different type.  @type
script-eslint/no-explici
t-any
157:34  Error: 
Unexpected any. Specify 
a different type.  @type
script-eslint/no-explici
t-any
157:42  Error: 
Unexpected any. Specify 
a different type.  @type
script-eslint/no-explici
t-any
161:24  Error: 
Unexpected any. Specify 
a different type.  @type
script-eslint/no-explici
t-any
170:37  Error: 
Unexpected any. Specify 
a different type.  @type
script-eslint/no-explici
t-any
171:38  Error: 
Unexpected any. Specify 
a different type.  @type
script-eslint/no-explici
t-any
186:29  Error: 
Unexpected any. Specify 
a different type.  @type
script-eslint/no-explici
t-any
186:143  Error: 
Unexpected any. Specify 
a different type.  @type
script-eslint/no-explici
t-any
222:31  Error: '_' is 
assigned a value but 
never used.  @typescript
-eslint/no-unused-vars
232:31  Error: '_' is 
assigned a value but 
never used.  @typescript
-eslint/no-unused-vars
321:21  Error: 
'rep_bultos' is never 
reassigned. Use 'const' 
instead.  prefer-const
322:21  Error: 
'rep_unidades' is never 
reassigned. Use 'const' 
instead.  prefer-const
377:26  Error: 'e' is 
defined but never used. 
 @typescript-eslint/no-u
nused-vars
413:22  Error: 
'localErr' is defined 
but never used.  @typesc
ript-eslint/no-unused-va
rs
431:18  Error: 'e' is 
defined but never used. 
 @typescript-eslint/no-u
nused-vars
449:25  Warning: Using 
`<img>` could result in 
slower LCP and higher 
bandwidth. Consider 
using `<Image />` from 
`next/image` or a 
custom image loader to 
automatically optimize 
images. This may incur 
additional usage or 
cost from your 
provider. See: https://n
extjs.org/docs/messages/
no-img-element  @next/ne
xt/no-img-element
525:47  Error: 
Unexpected any. Specify 
a different type.  @type
script-eslint/no-explici
t-any
554:41  Warning: Using 
`<img>` could result in 
slower LCP and higher 
bandwidth. Consider 
using `<Image />` from 
`next/image` or a 
custom image loader to 
automatically optimize 
images. This may incur 
additional usage or 
cost from your 
provider. See: https://n
extjs.org/docs/messages/
no-img-element  @next/ne
xt/no-img-element
580:84  Error: Expected 
an assignment or 
function call and 
instead saw an 
expression.  @typescript
-eslint/no-unused-expres
sions
586:84  Error: Expected 
an assignment or 
function call and 
instead saw an 
expression.  @typescript
-eslint/no-unused-expres
sions
684:74  Warning: Using 
`<img>` could result in 
slower LCP and higher 
bandwidth. Consider 
using `<Image />` from 
`next/image` or a 
custom image loader to 
automatically optimize 
images. This may incur 
additional usage or 
cost from your 
provider. See: https://n
extjs.org/docs/messages/
no-img-element  @next/ne
xt/no-img-element
684:74  Warning: img 
elements must have an 
alt prop, either with 
meaningful text, or an 
empty string for 
decorative images.  
jsx-a11y/alt-text
823:41  Warning: Using 
`<img>` could result in 
slower LCP and higher 
bandwidth. Consider 
using `<Image />` from 
`next/image` or a 
custom image loader to 
automatically optimize 
images. This may incur 
additional usage or 
cost from your 
provider. See: https://n
extjs.org/docs/messages/
no-img-element  @next/ne
xt/no-img-element
900:58  Error: 
Unexpected any. Specify 
a different type.  @type
script-eslint/no-explici
t-any
918:63  Error: 
Unexpected any. Specify 
a different type.  @type
script-eslint/no-explici
t-any
928:191  Error: 
Unexpected any. Specify 
a different type.  @type
script-eslint/no-explici
t-any

./src/components/ClientL
ayout.tsx
13:3  Error: 'Loader2' 
is defined but never 
used.  @typescript-eslin
t/no-unused-vars
24:10  Error: 
'DataProvider' is 
defined but never used. 
 @typescript-eslint/no-u
nused-vars
26:10  Error: 
'ThemeProvider' is 
defined but never used. 
 @typescript-eslint/no-u
nused-vars
44:20  Error: 
'isSyncing' is assigned 
a value but never used. 
 @typescript-eslint/no-u
nused-vars
79:18  Error: 
'registration' is never 
reassigned. Use 'const' 
instead.  prefer-const
161:16  Warning: Using 
`<img>` could result in 
slower LCP and higher 
bandwidth. Consider 
using `<Image />` from 
`next/image` or a 
custom image loader to 
automatically optimize 
images. This may incur 
additional usage or 
cost from your 
provider. See: https://n
extjs.org/docs/messages/
no-img-element  @next/ne
xt/no-img-element

./src/components/ClientM
apView.tsx
9:43  Error: Unexpected 
any. Specify a 
different type.  @typesc
ript-eslint/no-explicit-
any
54:41  Error: 
Unexpected any. Specify 
a different type.  @type
script-eslint/no-explici
t-any
97:77  Error: 
Unexpected any. Specify 
a different type.  @type
script-eslint/no-explici
t-any
97:102  Error: 
Unexpected any. Specify 
a different type.  @type
script-eslint/no-explici
t-any
105:27  Error: 
Unexpected any. Specify 
a different type.  @type
script-eslint/no-explici
t-any

./src/context/DataContex
t.tsx
7:15  Error: Unexpected 
any. Specify a 
different type.  @typesc
ript-eslint/no-explicit-
any
8:14  Error: Unexpected 
any. Specify a 
different type.  @typesc
ript-eslint/no-explicit-
any
9:13  Error: Unexpected 
any. Specify a 
different type.  @typesc
ript-eslint/no-explicit-
any
10:14  Error: 
Unexpected any. Specify 
a different type.  @type
script-eslint/no-explici
t-any
11:13  Error: 
Unexpected any. Specify 
a different type.  @type
script-eslint/no-explici
t-any
12:21  Error: 
Unexpected any. Specify 
a different type.  @type
script-eslint/no-explici
t-any
13:23  Error: 
Unexpected any. Specify 
a different type.  @type
script-eslint/no-explici
t-any
55:23  Error: 
Unexpected any. Specify 
a different type.  @type
script-eslint/no-explici
t-any
72:8  Warning: React 
Hook useEffect has a 
missing dependency: 
'data'. Either include 
it or remove the 
dependency array.  react
-hooks/exhaustive-deps

./src/lib/api.ts
14:20  Error: 
Unexpected any. Specify 
a different type.  @type
script-eslint/no-explici
t-any
17:39  Error: 
Unexpected any. Specify 
a different type.  @type
script-eslint/no-explici
t-any
65:34  Error: 
Unexpected any. Specify 
a different type.  @type
script-eslint/no-explici
t-any
76:32  Error: 
Unexpected any. Specify 
a different type.  @type
script-eslint/no-explici
t-any
83:32  Error: 
Unexpected any. Specify 
a different type.  @type
script-eslint/no-explici
t-any
90:39  Error: 
Unexpected any. Specify 
a different type.  @type
script-eslint/no-explici
t-any
97:65  Error: 
Unexpected any. Specify 
a different type.  @type
script-eslint/no-explici
t-any
122:32  Error: 
Unexpected any. Specify 
a different type.  @type
script-eslint/no-explici
t-any
126:55  Error: 
Unexpected any. Specify 
a different type.  @type
script-eslint/no-explici
t-any
136:41  Error: 
Unexpected any. Specify 
a different type.  @type
script-eslint/no-explici
t-any
154:40  Error: 
Unexpected any. Specify 
a different type.  @type
script-eslint/no-explici
t-any
172:71  Error: 
Unexpected any. Specify 
a different type.  @type
script-eslint/no-explici
t-any
172:87  Error: 
Unexpected any. Specify 
a different type.  @type
script-eslint/no-explici
t-any
191:17  Error: 
'rawVName' is never 
reassigned. Use 'const' 
instead.  prefer-const
192:17  Error: 'vName' 
is never reassigned. 
Use 'const' instead.  
prefer-const
226:36  Error: 
Unexpected any. Specify 
a different type.  @type
script-eslint/no-explici
t-any
291:44  Error: 
Unexpected any. Specify 
a different type.  @type
script-eslint/no-explici
t-any
303:36  Error: 
Unexpected any. Specify 
a different type.  @type
script-eslint/no-explici
t-any
324:38  Error: 
Unexpected any. Specify 
a different type.  @type
script-eslint/no-explici
t-any
347:48  Error: 
Unexpected any. Specify 
a different type.  @type
script-eslint/no-explici
t-any
351:27  Error: 
Unexpected any. Specify 
a different type.  @type
script-eslint/no-explici
t-any
369:36  Error: 
Unexpected any. Specify 
a different type.  @type
script-eslint/no-explici
t-any
381:40  Error: 
Unexpected any. Specify 
a different type.  @type
script-eslint/no-explici
t-any
399:63  Error: 
Unexpected any. Specify 
a different type.  @type
script-eslint/no-explici
t-any
416:32  Error: 
Unexpected any. Specify 
a different type.  @type
script-eslint/no-explici
t-any
421:36  Error: 
Unexpected any. Specify 
a different type.  @type
script-eslint/no-explici
t-any
428:50  Error: 
Unexpected any. Specify 
a different type.  @type
script-eslint/no-explici
t-any
446:49  Error: 
Unexpected any. Specify 
a different type.  @type
script-eslint/no-explici
t-any
457:62  Error: 
Unexpected any. Specify 
a different type.  @type
script-eslint/no-explici
t-any
457:70  Error: 
Unexpected any. Specify 
a different type.  @type
script-eslint/no-explici
t-any
496:50  Error: 
Unexpected any. Specify 
a different type.  @type
script-eslint/no-explici
t-any
503:58  Error: 
Unexpected any. Specify 
a different type.  @type
script-eslint/no-explici
t-any
510:18  Error: 'e' is 
defined but never used. 
 @typescript-eslint/no-u
nused-vars
519:21  Error: 
Unexpected any. Specify 
a different type.  @type
script-eslint/no-explici
t-any
523:18  Error: 'e' is 
defined but never used. 
 @typescript-eslint/no-u
nused-vars

./src/lib/migration.ts
88:41  Error: 
Unexpected any. Specify 
a different type.  @type
script-eslint/no-explici
t-any

./src/lib/pdfUtils.ts
2:43  Error: Unexpected 
any. Specify a 
different type.  @typesc
ript-eslint/no-explicit-
any
2:58  Error: Unexpected 
any. Specify a 
different type.  @typesc
ript-eslint/no-explicit-
any
2:73  Error: Unexpected 
any. Specify a 
different type.  @typesc
ript-eslint/no-explicit-
any
2:91  Error: Unexpected 
any. Specify a 
different type.  @typesc
ript-eslint/no-explicit-
any
74:69  Error: 
Unexpected any. Specify 
a different type.  @type
script-eslint/no-explici
t-any
141:66  Error: 
Unexpected any. Specify 
a different type.  @type
script-eslint/no-explici
t-any
149:84  Error: 
Unexpected any. Specify 
a different type.  @type
script-eslint/no-explici
t-any

./src/lib/sheetsSync.ts
10:25  Error: 
Unexpected any. Specify 
a different type.  @type
script-eslint/no-explici
t-any
32:32  Error: 
Unexpected any. Specify 
a different type.  @type
script-eslint/no-explici
t-any
42:30  Error: 
Unexpected any. Specify 
a different type.  @type
script-eslint/no-explici
t-any
50:28  Error: 
Unexpected any. Specify 
a different type.  @type
script-eslint/no-explici
t-any
50:45  Error: 
Unexpected any. Specify 
a different type.  @type
script-eslint/no-explici
t-any
56:33  Error: 
Unexpected any. Specify 
a different type.  @type
script-eslint/no-explici
t-any
97:34  Error: 
Unexpected any. Specify 
a different type.  @type
script-eslint/no-explici
t-any
97:51  Error: 
Unexpected any. Specify 
a different type.  @type
script-eslint/no-explici
t-any
103:33  Error: 
Unexpected any. Specify 
a different type.  @type
script-eslint/no-explici
t-any
105:24  Error: 
Unexpected any. Specify 
a different type.  @type
script-eslint/no-explici
t-any
131:44  Error: 
Unexpected any. Specify 
a different type.  @type
script-eslint/no-explici
t-any
162:34  Error: 
Unexpected any. Specify 
a different type.  @type
script-eslint/no-explici
t-any
169:24  Error: 
Unexpected any. Specify 
a different type.  @type
script-eslint/no-explici
t-any
182:30  Error: 
Unexpected any. Specify 
a different type.  @type
script-eslint/no-explici
t-any
210:30  Error: 
Unexpected any. Specify 
a different type.  @type
script-eslint/no-explici
t-any

./src/lib/utils.ts
12:37  Error: 
Unexpected any. Specify 
a different type.  @type
script-eslint/no-explici
t-any

info  - Need to disable 
some ESLint rules? 
Learn more here: https:/
/nextjs.org/docs/app/api
-reference/config/eslint
#disabling-rules
